"001","1","Test1-1","Test PLMN 1-1"
"001","2","Test1-2","Test PLMN 1-2"
"002","1","Test2-1","Test PLMN 2-1"
"202","1","COSMOTE","GR COSMOTE"
"202","5","voda GR","vodafone GR"
"202","9","Q-TELCOM","GR Q-TELECOM"
"202","10","TIM","TIM GR"
"204","4","voda NL","vodafone NL"
"204","8","NL KPN","NL KPN"
"204","12","NL Tlfrt","NL Telfort"
"204","16","TMO NL","T-Mobile NL"
"204","16","TMO NL","T-Mobile NL"
"204","20","Orange","Orange NL"
"206","1","PROXI","BEL PROXIMUS"
"206","10","mobi*","B Mobistar"
"206","10","mobi*","B mobistar"
"206","20","BASE","BASE"
"208","1","Orange","Orange F"
"208","10","SFR","F SFR"
"208","20","BYTEL","F - BOUYGUES TELECOM"
"213","3","M-AND","STA-MOBILAND"
"214","1","voda ES","vodafone ES"
"214","3","AMENA","E AMENA"
"214","6","EUSKALTEL","EUSKALTEL"
"214","7","movistar","movistar"
"214","8","EUSKALTEL","EUSKALTEL"
"216","1","pannon","H pannon 3G"
"216","1","pannon3G","H pannon 3G"
"216","30","TMO H","T-Mobile H"
"216","70","voda HU","vodafone HU"
"218","3","ERONET","BA-ERONET"
"218","5","MOBI'S","MOBI'S"
"218","90","GSMBIH","BH GSMBIH"
"219","1","T-Mobile","T-Mobile HR"
"219","2","TELE2",""HR TELE2, HR 21902""
"219","10","VIP","HR VIP"
"220","1","MOBTEL","YU MOBTEL"
"220","2","ProMonte","ProMonte"
"220","3","SCGTS","YUG 03"
"220","4","MONET","MONET"
"222","1","TIM","I TIM"
"222","10","voda IT","vodafone IT"
"222","88","I WIND","I WIND"
"222","99","3 ITA","3 ITA"
"226","1","CONNEX","RO CONNEX"
"226","3","COSMOTE","RO COSMOTE"
"226","10","ORANGE","RO ORANGE"
"228","1","SWISS","Swisscom"
"228","2","sunrise","sunrise"
"228","3","ORANGE","orange CH"
"228","7","In&Phone","In&Phone"
"228","8","T2",""CHE, Tele2 Switzerland""
"230","1","TMO CZ","T-Mobile CZ"
"230","2","O2 CZ","O2 CZ"
"230","3","Vodafone","Vodafone CZ"
"231","1","Orange","Orange SK"
"231","2","TMO SK","T-Mobile SK"
"231","2","TMO SK","T-Mobile SK"
"232","1","A1","A1"
"232","1","A1","A1"
"232","3","TMO A","T-Mobile A"
"232","5","one","one"
"232","5","one","one"
"232","7","telering","A tele.ring"
"232","10","3 AT","3 AT"
"232","12","one","one"
"232","12","one","one"
"234","5","C&W","C&W"
"234","5","C&W","C&W"
"234","10","O2 - UK","O2 - UK"
"234","10","O2 -UK","O2 - UK"
"234","15","voda UK","vodafone UK"
"234","20","3 UK","3 UK"
"234","30","TMO UK","T-Mobile UK"
"234","31","TMO UK","T-Mobile UK"
"234","32","TMO UK","T-Mobile UK"
"234","33","Orange","Orange"
"234","50","JT-Wave","JT-Wave"
"234","50","JT-Wave","JT-Wave"
"234","50","JT-Wave","JT-Wave"
"234","55","C&W","Cable & Wireless Guernsey"
"234","58","Pronto","Manx Pronto"
"238","1","DK TDC","TDC MOBIL"
"238","2","SONO","DK SONOFON"
"238","6","3 DK","3 DK"
"238","20","TELIA","TELIA DK"
"240","1","TELIA","TELIA S"
"240","2","3 SE","3 SE"
"240","4","SWE","SWEDEN"
"240","4","SWE","SWEDEN"
"240","5","Sweden3G","Sweden 3G"
"240","5","Sweden3G","Sweden 3G"
"240","7","IQ","S COMVIQ"
"240","8","TelenorS","Telenor SE"
"240","8","TelenorS","Telenor SE"
"240","10","Spring","SpringMobil SE"
"242","1","TELENOR","N Telenor"
"242","2","NetCom","N NetCom"
"242","3","T3","Teletopia 3"
"242","5","NetworkN","Network Norway N"
"244","3","FINNET","FINNET or FI 2G"
"244","5","elisa","FI elisa"
"244","5","elisa","FI elisa"
"244","12","FINNET","FINNET or FI 2G"
"244","14","FI AMT","FI AMT"
"244","91","SONERA","FI SONERA"
"246","1","OMT","OMNITEL LT"
"246","2","BITE","LT BITE GSM"
"246","3","TELE2","TELE2"
"247","1","LMT","LV LMT"
"247","1","LMT GSM",""LV LMT GSM, LV LMT""
"247","2","TELE2","LV TELE2"
"247","5","BITE LV","BITE LV"
"247","5","BITE LV","BITE LV"
"248","1","EMT","EE EMT"
"248","1","EMT","EE EMT"
"248","2","elisa","EE elisa"
"248","2","elisa","EE elisa"
"248","3","TELE2","TELE2"
"250","1","MTS","MTS-RUS"
"250","2","MegaFon","MegaFon RUS"
"250","2","MegaFon","MegaFon RUS"
"250","2","MegaFon","MegaFon"
"250","4","RUS_SCN","SIBCHALLENGE RUS"
"250","5","STC",""SCS, RUS 05, RUS SCS, RUS""
"250","5","ETK","ETK RUS"
"250","5","SCS","SCS RUS"
"250","7","BMT","RUS BMT"
"250","7","SMARTS",""RUS 07, RUS SMARTS""
"250","10","DTC","RUS DTC"
"250","11","ORENSOT","ORENSOT"
"250","12","Far East",""RUS 12, RUS Far East""
"250","12","SIBI","SIBI-RUS"
"250","12","AKOS GSM","RUS 12"
"250","12","RF FEast","RF FAR EAST"
"250","12","SAKHALIN","RUS - Sakhalin"
"250","12","BWC",""Far East, RUS 12, 250 12""
"250","13","KUGSM","RUS Kuban-GSM"
"250","15","SMARTS",""RUS15, RUS SMARTS""
"250","16","NTC",""RUS16,250 16""
"250","17","ERMAK","RUS 17"
"250","19","INDIGO","RUS: INDIGO"
"250","19","INDIGO","RUS INDIGO"
"250","19","DTIGSM","DTI"
"250","20","MOTIV","RUS 20"
"250","20","TELE2","TELE2"
"250","20","TELE2","TELE2"
"250","20","TELE2","TELE2"
"250","20","TELE2","TELE2"
"250","20","VOTEK","RUSSIA VOTEK MOBILE"
"250","20","TELE2","TELE2"
"250","20","TELE2","TELE2"
"250","28","Beeline","RUS Beeline"
"250","39","SUCT","RUS SUCT"
"250","39","RUS39","Uraltel"
"250","39","Uraltel","Uraltel"
"250","44","NC-GSM","RUS North Caucasian GSM"
"250","92","Primtel","Primetelefone RUS"
"250","99","Beeline","Beeline"
"255","1","UMC","UA UMC"
"255","2","Beeline","Beeline UA"
"255","3","UA-KS","UA-KYIVSTAR"
"255","5","GT","UA-GT"
"255","6","life:)","life:)"
"257","1","VELCOM","BY VELCOM"
"257","2","MTS","MTS BY"
"257","25","BeST","BeST BY"
"259","1","VOXTEL","MD VOXTEL"
"259","2","MDCELL","MD MOLDCELL"
"260","1","PLUS","Plus GSM"
"260","2","Era","Era"
"260","3","Orange","Orange PL"
"260","3","Orange","Orange PL"
"262","1","TMO D","T-Mobile D"
"262","2","Vodafone","Vodafone.de"
"262","3","E-Plus","E-Plus"
"262","7","o2 - de","o2 - de"
"262","8","o2 - de","o2 - de"
"266","1","GIBTEL","GIBTEL GSM"
"268","1","voda P","vodafone P"
"268","3","OPTIM","P OPTIMUS"
"268","6","TMN","P TMN"
"268","6","TMN","P TMN"
"270","1","LUXGSM","L LUXGSM"
"270","77","TANGO","L TANGO"
"270","99","VOX.LU","L VOX.LU"
"270","99","VOX.LU","L VOX.LU"
"272","1","voda IE","vodafone IE"
"272","2","O2 -IRL","O2 - IRL"
"272","3","METEOR","IRL - METEOR"
"272","5","3 IRL","3 IRL"
"274","1","SIMINN","Siminn"
"274","2","Vodafone","Og Vodafone"
"274","3","Vodafone","Og Vodafone"
"274","4","Viking","Viking"
"276","1","A M C","AMC - AL"
"276","2","voda AL","vodafone AL"
"278","1","voda MT","vodafone MT"
"278","21","gomobile","go mobile"
"280","1","CYTAVODA","CYTAMOBILE-VODAFONE"
"280","10","areeba","areeba"
"282","1","GCELL","GEO-GEOCELL"
"282","2","MAGTI","MAGTI-GSM-GEO"
"283","1","ARMMO1","RA-ARMGSM"
"283","5","RA 05","RA 05"
"284","1","M-Tel","M-Tel BG"
"284","1","M-Tel","M-Tel BG"
"284","1","M-Tel","M-Tel BG"
"284","5","GLOBUL","BG GLOBUL"
"286","1","TCELL","TR TURKCELL"
"286","2","TELSIM","TR TELSIM"
"286","3","AVEA","AVEA"
"288","1","FT-GSM","F?roya Tele"
"288","2","KALL","KALL"
"290","1","TELE GRL","TELE Greenland"
"293","40","SI voda","SI vodafone"
"293","41","MOBITEL","MOBITEL"
"293","70","VEGA 070","SI VEGA 070"
"294","1","MOBI-M","MKD-MOBIMAK"
"294","2","COSMOFON","MKD COSMOFON"
"295","1","Swiss FL","SwisscomFL"
"295","2","OFL","Orange FL"
"295","5","FL1","FL1"
"295","77","TANGO","LI TANGO"
"302","370","Fido","Fido"
"302","720","ROGERS","CAN Rogers Wireless Inc."
"308","1","AMERIS","SPM AMERIS"
"310","-1","Cingular","Cingular"
"310","20","UnionTel","US - Union Telephone"
"310","26","TMO","T-Mobile"
"310","30","CENT USA","Centennial Communications"
"310","31","TMO","T-Mobile"
"310","32","IT&E","IT&E"
"310","40","CONCHO","USATX"
"310","46","SIMMETRY","USA SIMMETRY"
"310","70","HIGHLAND","Highland"
"310","80","Corr","Corr Wireless"
"310","90","Edge","Edge Wireless"
"310","100","PLATEAU","US PLATEAU"
"310","100","PLATEAU","US PLATEAU"
"310","100","PLATEAU","US PLATEAU"
"310","160","TMO","T-Mobile"
"310","190","D-HARBOR","USA Dutch Harbor"
"310","200","TMO","T-Mobile"
"310","210","TMO","T-Mobile"
"310","220","TMO","T-Mobile"
"310","230","TMO","T-Mobile"
"310","240","TMO","T-Mobile"
"310","250","TMO","T-Mobile"
"310","260","TMO","T-Mobile"
"310","270","TMO","T-Mobile"
"310","320","Cell","USA - CellularOne"
"310","340","WestLink","USA 340"
"310","390","CELL 1 ET","Cell1ET"
"310","400","iCAN_GSM","USA i CAN"
"310","450","NECCI","Cell One of NE Colorado"
"310","530","W V W","USA-WVA WIRELESS"
"310","560","Cell One","Cellular One DCS"
"310","570","Chinook","Chinook"
"310","590","ROAMING","USA - Extended Area"
"310","630","AMERLINK","USA AmeriLink"
"310","640","ARDGMC","USA AE Airadigm"
"310","650","Jasper","Jasper"
"310","660","TMO","T-Mobile"
"310","680","Dobson MI","Dobson Communications Corporation"
"310","680","Dobson MI","Dobson Communications Corporation"
"310","690","IMMIX","USA - Immix Wireless"
"310","710","ASTAC","USA ASTAC"
"310","740","TLXT","TELEMETRIX"
"310","770","IWS","Iowa Wireless USA"
"310","790","Pinpoint","USA Pinpoint"
"310","870","PACE","US"
"310","880","ACSIAC","USAACSI"
"310","900","TXCELL","Texas Cellular"
"310","910","FCSI","USAFC"
"310","940","DCT","Digital Cellular"
"310","950","XIT","USA XIT Wireless"
"311","0","WILKES","Wilkes USA"
"311","0","Mid-Tex",""USA Mid-Tex Cellular, Ltd""
"311","1","WILKES","Wilkes USA"
"311","5","WILKES","Wilkes USA"
"311","30","Indigo","Indigo"
"311","70","EASTER","USAEC"
"311","80","PINECell","Pine Cellular"
"311","90","SXLP","USASXLP"
"311","110","HPW","High Plains"
"311","130","C1AMARIL","Cell One Amarillo"
"311","170","PetroCom","PetroCom"
"311","190","C1ECI","USAC1ECI"
"311","210","FARMERS","FARMERS"
"311","250","iCAN_GSM","USA i CAN"
"311","260","MAURITEL","MAURITEL MOBILES"
"311","310","LamarCel","Lamar Cellular"
"334","3","movistar","movistar"
"334","20","TELCEL","Mx Telcel GSM"
"338","5","DIGICEL","DIGICEL"
"338","180","C&W","C&W"
"340","1","Orange","F-Orange"
"340","2","ONLY","ONLY"
"340","8","AMIGO","AMIGO"
"340","20","BOUYG-C","BOUYGTEL-C"
"342","600","C&W","C&W"
"342","750","DIGICEL","DIGICEL"
"342","810","Cingular","Cingular"
"344","30","APUA-PCS","APUA PCS ANTIGUA"
"344","920","C&W","C&W"
"344","930","Cingular","Cingular"
"346","140","C&W","C&W"
"348","570","CCTBVI","CCT Boatphone"
"350","2","MOBILITY","BTC MOBILITY LTD."
"350","10","Cingular","Cingular"
"352","30","DIGICEL","DIGICEL"
"352","30","Cingular","Cingular"
"352","110","C&W","C&W"
"354","860","C&W","C&W"
"356","110","C&W","C&W"
"358","30","Cingular","Cingular"
"358","50","DIGICEL","DIGICEL"
"358","110","C&W","C&W"
"360","10","Cingular","Cingular"
"360","70","DIGICEL","DIGICEL"
"360","110","C&W","C&W"
"362","51","Telcell","Telcell GSM"
"362","69","CT GSM","ANT CURACAO TELECOM GSM"
"362","630","Cingular","Cingular"
"362","951","CHIPPIE","ANT"
"363","1","SETARGSM","SETAR GSM"
"363","1","SETARGSM","SETAR GSM"
"363","20","DIGICEL","DIGICEL"
"364","39","BaTelCel","BaTelCell"
"365","840","C&W","C&W"
"366","20","Cingular","Cingular"
"366","110","C&W","C&W"
"368","1","C_COM","CU/C_COM"
"370","1","orange","orange"
"372","1","VOILA","COMCEL"
"374","12","TSTT","TSTT"
"376","350","C&W","C&W"
"400","1","ACELL","AZE - AZERCELL GSM"
"400","2","BKCELL","BAKCELL GSM 2000"
"400","4","AZERFON","Azerfon"
"401","1","Beeline","Beeline KZ"
"401","2","KCELL","KZ KCELL"
"402","11","B-Mobile","BT B-Mobile"
"404","1","Hutch","Hutch"
"404","2","AirTel","AirTel"
"404","3","AirTel","AirTel"
"404","4","IDEA","IDEA"
"404","5","Hutch","Hutch"
"404","7","IDEA","IDEA"
"404","10","AirTel","AirTel"
"404","11","Hutch","Hutch"
"404","12","IDEA","IDEA"
"404","13","Hutch","Hutch"
"404","14","SPICE","INA SPICE"
"404","15","Hutch","Hutch"
"404","17","AIRCEL","AIRCEL"
"404","19","IDEA","IDEA"
"404","20","Hutch","Hutch"
"404","21","BPL MOBILE","BPL MOBILE"
"404","22","IDEA","IDEA"
"404","24","IDEA","IDEA"
"404","25","AIRCEL","AIRCEL"
"404","28","AIRCEL","AIRCEL"
"404","29","AIRCEL","AIRCEL"
"404","30","Hutch","Hutch"
"404","31","AirTel","AirTel"
"404","33","AIRCEL","AIRCEL"
"404","34","CellOne","CellOne"
"404","35","AIRCEL","AIRCEL"
"404","37","AIRCEL","AIRCEL"
"404","38","CellOne","CellOne"
"404","40","AIRTEL","IND AIRTEL"
"404","41","RPG","INA RPG"
"404","42","AIRCEL","INA AIRCEL"
"404","44","SPICE","INA SPICE"
"404","45","AirTel","AirTel"
"404","49","AirTel","AirTel"
"404","51","CellOne","CellOne"
"404","53","CellOne","CellOne"
"404","54","CellOne","CellOne"
"404","55","CellOne","CellOne"
"404","56","IDEA","IDEA"
"404","57","CellOne","CellOne"
"404","58","CellOne","CellOne"
"404","59","CellOne","CellOne"
"404","60","Hutch","Hutch"
"404","62","CellOne","CellOne"
"404","64","CellOne","CellOne"
"404","66","CellOne","CellOne"
"404","68","DOLPHIN","IN-DOLPHIN"
"404","69","DOLPHIN","IN-DOLPHIN"
"404","70","Oasis","INDH1"
"404","71","CellOne","CellOne"
"404","72","CellOne","CellOne"
"404","73","CellOne","CellOne"
"404","74","CellOne","CellOne"
"404","75","CellOne","CellOne"
"404","76","CellOne","CellOne"
"404","77","CellOne","CellOne"
"404","78","IDEA","IDEA"
"404","79","CellOne","CellOne"
"404","80","CellOne","CellOne"
"404","81","CellOne","CellOne"
"404","82","IDEA","IDEA"
"404","84","Hutch","Hutch"
"404","86","Hutch","Hutch"
"404","87","IDEA","IDEA"
"404","88","Hutch","Hutch"
"404","89","IDEA","IDEA"
"404","90","AirTel","AirTel"
"404","92","AirTel","AirTel"
"404","93","AirTel","AirTel"
"404","94","AirTel","AirTel"
"404","95","AirTel","AirTel"
"404","96","AirTel","AirTel"
"404","97","AirTel","AirTel"
"404","98","AirTel","AirTel"
"405","51","AIRTEL","IND AirTel"
"405","52","AIRTEL","IND AirTel"
"405","53","AIRTEL","IND AirTel"
"405","54","AIRTEL","IND AirTel"
"405","55","AIRTEL","IND AirTel"
"405","56","Airtel","IND Airtel"
"405","66","Hutch","Hutch"
"405","67","HUTCH","HUTCH"
"410","1","Mobilink","Mobilink"
"410","3","UFONE","PK-UFONE"
"410","4","PAKTEL","PAK - PL"
"410","6","TELENOR","Telenor PK"
"410","7","WaridTel","WaridTel"
"412","1","AWCC","AF AWCC"
"412","20","ROSHAN","ROSHAN"
"412","40","AREEBA","AREEBA"
"413","1","MOBITEL","Mobitel"
"413","2","DIALOG","SRI DIALOG"
"413","3","CELLTEL","SRI - CELLTEL"
"413","8","Hutch","Hutch"
"414","1","MPTGSM","MM 900"
"415","1","alfa","alfa"
"415","3","MTC LIBAN","RL MTC Lebanon"
"416","1","FSTLNK","Fastlink"
"416","3","UMNIAH","UMNIAH"
"416","77","MobCom","JO MobCom"
"417","1","SYRIATEL","SYRIATEL"
"417","2","areeba","areeba"
"417","9","MOBILE","SYR MOBILE SYR"
"418","0","ASIACELL","ASIACELL"
"418","2","SanaTel","SanaTel"
"418","5","ASIACELL","ASIACELL"
"418","8","SanaTel","SanaTel"
"418","20","ATHEER","Atheer Iraq"
"418","30","IRAQNA","IRAQNA"
"419","2","MTC","KT MTCNet"
"419","3","WATANIYA","KT WATANIYA"
"420","1","KSA","ALJAWAL"
"420","3","mobily","mobily-KSA"
"420","3","mobily","mobily-KSA"
"421","1","SABAFON","SabaFon"
"421","2","SPACETEL","SPACETEL"
"422","2","OMAN","OMAN MOBILE"
"422","3","nawras","nawras"
"424","2","ETSLT","UAE ETISALAT"
"424","3","du","du"
"424","3","du","du"
"425","1","ORANGE","IL ORANGE"
"425","2","Cellcom","IL Cellcom"
"425","5","JAWWAL","JAWWAL-PALESTINE"
"426","1","BATELCO","BATELCO"
"426","2","MTC-VFBH","MTC VODAFONE BH"
"426","2","MTC-VFBH","MTC Vodafone BH"
"427","1","Qtel","Qat - Qtel"
"428","99","MobiCom","MN MobiCom"
"432","11","432 11","IR-TCI"
"432","14","KIFZO","IR KISH"
"432","19","MTCE","IR MTCE"
"432","32","Taliya","Iran Taliya"
"434","4","Beeline","Beeline UZ"
"434","5","COSCOM","UZB CSOCOM GSM"
"434","7","UZB MTS","UZB MTS"
"436","1","Somoncom","Somoncom"
"436","2","INDIGO-T","INDIGO-T"
"436","3","MLT","TJK MLT"
"436","4","Babilon","Babilon-M"
"436","12","INDIGO-T","INDIGO-3G"
"436","91","BEELINE","BEELINE"
"437","1","BITEL","BITEL KGZ"
"437","5","MEGACOM","MEGACOM"
"440","10","DoCoMo","JP DoCoMo"
"440","20","Voda JP","Vodafone JP"
"450","2","KTF","KR KTF"
"450","5","SKT","KOR SK Telecom"
"450","8","KTF","KR KTF"
"452","1","VMS","VN MOBIFONE"
"452","2","GPC","VN VINAPHONE"
"452","4","VIETTEL","VNM and VIETTEL"
"454","0","CSL","HK CSL"
"454","0","CSL","HK CSL"
"454","2","CSL","HK CSL"
"454","2","CSL","HK CSL"
"454","3","3","3 HK"
"454","4","3(2G)","3(2G)"
"454","6","SMC-Voda","SmarToneVodafone"
"454","10","NWPCS","HK NEW WORLD"
"454","12","PEOPLES","HK PEOPLES"
"454","15","454-15","454-15"
"454","16","PCCW","PCCW"
"454","18","CSL","HK CSL"
"454","18","CSL","HK CSL"
"454","19","PCCW","PCCW"
"455","0","SmarTone","SmarTone Macau"
"455","1","CTM","MAC-CTM"
"455","3","HT Macau","Hutchison MAC"
"456","1","MT-KHM","MOBITEL - KHM"
"456","2","KHM-SM","KHM-Hello GSM"
"456","18","CAMSHIN","CAMBODIA SHINAWATRA"
"457","1","LAO GSM","LAO TELECOMMUNICATIONS"
"457","2","ETLMNW","ETL MOBILE NETWORK"
"457","3","LATMOBIL","45703"
"457","8","TANGO","TANGO LAO"
"460","0","CMCC","CHINA MOBILE"
"460","1","CU-GSM","CHN-CUGSM"
"460","9","CHN09","CHN09"
"466","1","FET","Far EasTone"
"466","68","ACeS","ACeS"
"466","88","KGT","KGT-Online"
"466","89","VIBO","VIBO"
"466","92","CHT","Chunghwa Telecom"
"466","92","Chunghwa","Chunghwa Telecom"
"466","93","TW MOB","TWN MOBITAI"
"466","97","TWM","TW Mobile"
"466","99","TA-GSM","TWN TransAsia Telecom GSM"
"466","99","TransAsi","TransAsia"
"467","3","SUNNET","KP SUN"
"470","1","GRAMEEN","GrameenPhone"
"470","2","AKTEL","BGD AKTEL"
"470","3","Banglalink","Banglalink"
"470","4","bMobile","BGD bMobile"
"472","1","D-MOBILE","MV DHIMOBILE"
"472","2","WMOBILE","WMOBILE"
"502","12","MY MAXIS","MY MAXIS"
"502","13","CELCOM","MY CELCOM 3G"
"502","16","DiGi","DiGi"
"502","19","CELCOM","MY CELCOM"
"505","1","Telstra","Telstra Mobile"
"505","2","Optus","YES OPTUS"
"505","3","voda AU","vodafone AU"
"505","6","3TELSTRA","3TELSTRA"
"510","0","ACeS","ACeS"
"510","1","INDOSAT","IND INDOSAT"
"510","8","LIPPOTEL","LIPPO TEL"
"510","10","T-SEL","IND TELKOMSEL"
"510","11","XL","IND XL"
"510","21","INDOSAT","IND INDOSAT"
"510","89","3","IND HCPT"
"510","89","3","IND HCPT"
"514","2","TT","TLS-TT"
"515","1","ISLACOM","ISLACOM"
"515","2","GLOBE","Globe Telecom-PH"
"515","3","SMART","SMART"
"515","5","SUN","PH Sun Cellular"
"515","11","ACeS","ACeS"
"520","1","TH GSM","TH GSM"
"520","15","ACT-1900","TH ACT 1900"
"520","18","DTAC","TH-DTAC"
"520","20","ACeS","ACeS"
"520","23","GSM 1800","TH GSM 1800"
"520","99","TRUE","TRUE"
"525","1","SingTel","SingTel"
"525","2","SingTel","SingTel-G18"
"525","3","M1-3GSM","SGP-M1-3GSM"
"525","3","M1-3GSM","SGP-M1-3GSM"
"525","5","STARHUB","STARHUB-SGP"
"525","5","STARHUB","STARHUB"
"528","2","b-mobile","BRU-bmobile"
"528","11","DSTCom","BRU-DSTCom"
"530","1","voda NZ","vodafone NZ"
"537","1","BMobile","PNGBMobile"
"539","1","U-CALL","U-CALL"
"540","1","BREEZE","SI BREEZE"
"541","1","SMILE","VUT SMILE"
"542","1","VODAFONE","FJ VODAFONE"
"545","9","KI-FRIG","KL-Frigate"
"546","1","MOBNCL","NCL MOBILIS"
"547","20","VINI","F-VINI"
"548","1","KOKANET","CK KOKANET"
"550","1","FSMTC","FSM Telecom"
"552","80","PLWPMC","PLWPMC"
"602","1","MobiNiL","EGY MobiNiL"
"602","2","voda EG","vodafone EG"
"603","1","Mobilis","ALG Mobilis"
"603","2","Djezzy","Djezzy"
"603","3","NEDJMA","DZA NEDJMA"
"604","0","MEDITEL","MOR MEDITEL"
"604","1","IAM","MOR IAM"
"605","2","TUNTEL","TUNISIE TELECOM"
"605","3","TUNSIANA","TUNISIANA"
"606","0","LIBYANA","LIBYANA"
"606","1","606 01","Libya Al Madar"
"607","1","GAMCEL","GAMCEL"
"607","2","AFRICELL","Africell (Gambia) Ltd"
"608","1","ALIZE","SN ALIZE"
"608","2","SENTEL","SN-SENTEL SG"
"609","1","MATTEL","MR MATTEL"
"609","10","MAURITEL","MAURITEL MOBILES"
"610","1","MALITEL","MALITEL ML"
"610","2","IKATEL","IKATEL ML"
"611","2","LAGUI","GN LAGUI"
"611","4","Areeba","CKY-Areeba"
"612","2","ACELL-CI","CIV02"
"612","3","Orange","Orange CI"
"612","5","TELCEL","TELECEL-CI"
"613","2","celtel","BF Celtel"
"614","1","SAHELCOM","SAHELCOM"
"614","2","CELTEL","CELTEL"
"614","3","TELECEL","NE TELECEL"
"615","1","TGCELL","TG-TOGO CELL"
"616","2","TLCL-BEN","TELECEL BENIN"
"616","3","BENCELL","BJ BENINCELL"
"616","4","BBCOM","BELL BENIN COMMUNICATION"
"617","1","CELL +","CELLPLUS-MRU"
"617","10","EMTEL","EMTEL-MRU"
"618","1","LoneStar","LBR Lonestar Cell"
"618","2","LIBERCEL","LIBERCELL"
"618","3","Celcom","Celcom GSM"
"619","1","CELTEL","CELTEL SL"
"619","2","MILLICOM","MILLICOM SL"
"620","1","SPACE","GH SPACEFON"
"620","2","ONEtouch","GH ONEtouch"
"620","3","tiGO GHANA","tiGO"
"621","30","MTN-NG","MTN - NG"
"621","40","Mtel","NG Mtel"
"621","50","glo","Glo NG"
"622","1","CELTEL","CELTEL TCD"
"624","1","62401","MTN CAM"
"624","2","Orange","Orange CAM"
"625","1","CMOVEL","CPV MOVEL"
"626","1","CSTmovel","STP CSTmovel"
"627","1","GETESA","GNQ01"
"628","1","LIBERTIS","628 01/LIBERTIS"
"628","2","TELECEL","GAB TELECEL"
"628","3","CELTEL","CELTEL GA"
"629","1","CELTEL RC","CELTEL"
"629","10","MTN-CG","COG MTN"
"630","1","VODACOM","VODACOM CD"
"630","2","CELTEL","CELTEL DRC"
"630","5","SCELL","SCELL CD"
"630","89","OASIS","CD OASIS"
"631","2","UNITEL","UNITEL"
"632","7","GTM","GTM"
"633","1","C&W SEY","C&W SEY"
"633","10","AIRTEL","SEZ AIRTEL"
"634","1","MobiTel","MobiTel SDN"
"634","2","areeba","areeba SDN"
"635","10","RCELL","R-CELL"
"636","1","ET-MTN","ETH-MTN"
"637","1","TELESOM","SOMTELESOM"
"637","4","SOMAFONE","SOMAFONE"
"637","30","Golis","Som Golis"
"637","82","Telsom","Telsom"
"638","1","EVATIS","DJ EVATIS"
"639","2","SAF-COM","Safaricom"
"639","3","CELTEL","CELTEL"
"640","2","MOBITEL","MOBITEL - TZ"
"640","3","ZANTEL","ZANTEL-TZ"
"640","4","VodaCom","VodaCom"
"640","5","celtel","celtel"
"641","1","CELTEL","UG CelTel"
"641","10","MTN-UG","MTN-UGANDA"
"641","11","UTL","Uganda Telecom"
"642","1","SPACETEL","Spacetel BI"
"642","2","SAFARIS","BUSAFA"
"642","3","ONATEL","ONATEL BDI"
"642","82","BDITL","TELECEL-BDI"
"643","1","mCel","MOZ - mCel"
"643","4","VodaCom","VodaCom-MZ"
"645","1","CELTEL","ZM CELTEL"
"645","2","TELECEL","TELECEL ZM"
"646","1","Madacom","MG Madacom"
"646","2","ANTARIS","MG ANTARIS"
"647","0","Orange","Orange re"
"647","10","SFR RU","SFR REUNION"
"648","1","NETONE","ZW NET*ONE"
"648","3","TELECEL","TELECEL ZW"
"648","4","ECONET","ZW ECONET"
"649","1","MTCNAM","MTC NAMIBIA"
"650","1","CP 900","MW CP 900"
"650","10","CELTEL","CELTEL MW"
"651","1","Vodacom-LS","Vodacom Lesotho"
"651","2","EZI-CEL","LS-ECONET-EZI-CEL"
"652","1","MASCOM","BW MASCOM"
"652","2","Orange","Orange"
"653","10","SwaziMTN","Swazi-MTN"
"654","1","HURI","HURI"
"655","1","VODA","VodaCom-SA"
"655","7","Cell C","Cell C"
"655","10","MTN","MTN-SA"
"702","67","BTL","BTL"
"704","1","PCS","PCS"
"704","2","COMCEL","Comcel_GSM"
"704","3","movistar","movistar"
"706","1","PERSONAL","ESV PERSONAL"
"706","2","DIGICEL","Digicel"
"706","3","TM","TELEMOVIL"
"706","4","movistar","movistar"
"708","1","ALO","ALO"
"708","2","CELTEL","CELTELHND"
"708","30","HT - 200","HND"
"710","0","NICMS","NICMS"
"710","0","NICMS","NICMS"
"710","3","NICMS","NICMS"
"710","21","ENITEL","ENITEL GSM"
"710","730","SERCOM","ALO NIC"
"712","1","I.C.E.","I.C.E."
"712","2","I.C.E.","I.C.E."
"714","1","PANCW","PANCW"
"714","20","movistar","movistar ¨CGSM 850"
"716","6","movistar","movistar"
"716","10","TIM PERU","TIM"
"722","7","movistar","AR - Movistar"
"722","34","AR TP","AR PERSONAL"
"722","310","CTIMovil","ARG CTI Movil"
"722","310","CTIARG","CTI Argentina"
"724","2","TIM","TIM BRASIL"
"724","3","TIM","TIM BRASIL"
"724","4","TIM","TIM BRASIL"
"724","5","Claro","Claro"
"724","5","Claro","Claro"
"724","5","Claro","Claro"
"724","5","Claro","Claro"
"724","5","Claro","Claro"
"724","5","Claro","Claro"
"724","5","Claro","Claro"
"724","5","Claro","Claro"
"724","15","SCTL","BRA SCTL"
"724","16","BrTCel","BRA BrTCelular"
"724","23","TELEMIGC","TELEMIG CEL"
"724","24","AMAZONIA","AMAZONIA"
"724","31","Oi","Oi"
"724","32","CTBC","CTBC"
"724","33","CTBC","CTBC"
"724","34","CTBC","CTBC"
"730","1","ENTEL","CL ENTEL PCS"
"730","2","movistar","movistar"
"730","3","SMARTCOM","SMARTCOMCHL"
"730","10","ENTEL","CL ENTEL PCS"
"732","101","COMCEL","COMCEL 3GSM"
"732","111","OLA","OLA"
"732","111","OLA","OLA"
"732","123","COL_TEMC","COL Movistar"
"734","1","INFONT","VZ INFO"
"734","2","DIGITEL","DIGITEL TIM"
"736","1","NUEVATEL","VIVA"
"736","2","EMOVIL","BOMOV"
"736","3","Telecel","Telecel_Bolivia_GSM"
"738","1","TWTGUY","GUY TW"
"738","2","CLNK PLS","GUY CLNK PLS"
"740","0","movistar","movistar"
"740","1","PORTAGSM","PORTA GSM"
"744","1","HPGYSA","HOLA PARAGUAY S.A."
"744","2","Porth","PRY Porthable"
"744","4","Telecel","Telecel GSM"
"744","5","Personal","PY Personal"
"746","2","TeleG","SR.TELESUR.GSM"
"748","7","Movistar","MOVISTAR"
"748","10","CTIURY","CTI Uruguay"
"795","2","TM Cell","Altyn Asyr"
"901","5","Thuraya","Thuraya Satellite Telecommunications Co"
"901","6","Thuraya","Thuraya Satellite Telecommunications Co"
"901","12","MCP","MCP Maritime Com"
"901","14","AeroMob","AeroMobile"
###END###
"232","A"
"276","AL"
"213","AND"
"283","ARM"
"505","AUS"
"400","AZE"
"206","B"
"284","BG"
"470","BGD"
"426","BHR"
"218","BIH"
"528","BRU"
"624","CAM"
"302","CAN"
"228","CH"
"460","CHN"
"612","CI"
"730","CL"
"625","CPV"
"280","CY"
"230","CZ"
"262","D"
"238","DK"
"214","E"
"248","EE"
"636","ETH"
"208","F"
"547","F"
"647","F"
"340","F"
"244","FI"
"542","FIJ"
"282","GEO"
"620","GH"
"266","GIB"
"611","GN"
"202","GR"
"216","H"
"454","HK"
"219","HR"
"222","I"
"9999","IL"
"404","INA"
"510","IND"
"272","IRL"
"274","IS"
"416","JOR"
"437","KGZ"
"456","KHM"
"420","KSA"
"419","KT"
"270","L"
"651","LSO"
"246","LT"
"247","LV"
"278","M"
"455","MAC"
"642","MDG"
"294","MKD"
"604","MOR"
"643","MOZ"
"617","MRU"
"650","MW"
"502","MY"
"242","N"
"546","NCL"
"204","NL"
"530","NZ"
"422","OMN"
"268","P"
"515","PH"
"260","PL"
"427","QAT"
"635","R"
"415","RL"
"226","RO"
"250","RUS"
"240","S"
"655","SA"
"634","SDN"
"633","SEZ"
"525","SGP"
"293","SI"
"231","SK"
"413","SRI"
"417","SYR"
"520","TH"
"286","TR"
"466","ROC"
"640","TZ"
"001","TEST"
"255","UA"
"424","UAE"
"641","UG"
"234","UK"
"310","US"
"434","UZB"
"452","VN"
"734","VZ"
"220","YU"
"648","ZW"